/home/in062/PycharmProjects/check_pyre/test/.pyre/server/server.stdout.2019-06-26_13-38-48.778829